// Jest Snapshot v1, https://goo.gl/fbAQLP

exports[`StatusBar renders correctly 1`] = `
<View
  style={
    Object {
      "backgroundColor": undefined,
      "height": 20,
    }
  }
/>
`;
